I'm sorry, but errors were detected in your script. Please correct the
errors listed below, and try again.


File "game/scripts/Talata_1-4/Talata_1-4_script.rpy", line 94: expected statement.
    Neutral_Aladin_Flipped at
                           ^

Ren'Py Version: Ren'Py 7.4.11.2266
Sun Feb 20 21:58:26 2022
